running egg_info
writing build/hhjo_ros2_gazebo_tutorial/hhjo_ros2_gazebo_tutorial.egg-info/PKG-INFO
writing dependency_links to build/hhjo_ros2_gazebo_tutorial/hhjo_ros2_gazebo_tutorial.egg-info/dependency_links.txt
writing requirements to build/hhjo_ros2_gazebo_tutorial/hhjo_ros2_gazebo_tutorial.egg-info/requires.txt
writing top-level names to build/hhjo_ros2_gazebo_tutorial/hhjo_ros2_gazebo_tutorial.egg-info/top_level.txt
reading manifest file 'build/hhjo_ros2_gazebo_tutorial/hhjo_ros2_gazebo_tutorial.egg-info/SOURCES.txt'
writing manifest file 'build/hhjo_ros2_gazebo_tutorial/hhjo_ros2_gazebo_tutorial.egg-info/SOURCES.txt'
running build
running build_py
copying hhjo_ros2_gazebo_tutorial/__init__.py -> /home/vertin/ros_hhjo/exp_ws/src/hhjo_ros2_gazebo_tutorial/build/hhjo_ros2_gazebo_tutorial/build/lib/hhjo_ros2_gazebo_tutorial
running install
running install_lib
running install_data
copying resource/hhjo_ros2_gazebo_tutorial -> /home/vertin/ros_hhjo/exp_ws/src/hhjo_ros2_gazebo_tutorial/install/hhjo_ros2_gazebo_tutorial/share/ament_index/resource_index/packages
copying package.xml -> /home/vertin/ros_hhjo/exp_ws/src/hhjo_ros2_gazebo_tutorial/install/hhjo_ros2_gazebo_tutorial/share/hhjo_ros2_gazebo_tutorial
copying launch/gazebo.launch.py -> /home/vertin/ros_hhjo/exp_ws/src/hhjo_ros2_gazebo_tutorial/install/hhjo_ros2_gazebo_tutorial/share/hhjo_ros2_gazebo_tutorial/launch
copying launch/gazebo.launch.py -> /home/vertin/ros_hhjo/exp_ws/src/hhjo_ros2_gazebo_tutorial/install/hhjo_ros2_gazebo_tutorial/share/hhjo_ros2_gazebo_tutorial/launch
running install_egg_info
removing '/home/vertin/ros_hhjo/exp_ws/src/hhjo_ros2_gazebo_tutorial/install/hhjo_ros2_gazebo_tutorial/lib/python3.10/site-packages/hhjo_ros2_gazebo_tutorial-0.0.0-py3.10.egg-info' (and everything under it)
Copying build/hhjo_ros2_gazebo_tutorial/hhjo_ros2_gazebo_tutorial.egg-info to /home/vertin/ros_hhjo/exp_ws/src/hhjo_ros2_gazebo_tutorial/install/hhjo_ros2_gazebo_tutorial/lib/python3.10/site-packages/hhjo_ros2_gazebo_tutorial-0.0.0-py3.10.egg-info
running install_scripts
writing list of installed files to '/home/vertin/ros_hhjo/exp_ws/src/hhjo_ros2_gazebo_tutorial/build/hhjo_ros2_gazebo_tutorial/install.log'
