[INFO] [launch]: All log files can be found below /home/vertin/.ros/log/2026-04-25-10-35-57-428325-vertin-VivoBook-ASUSLaptop-X412FL-X412FL-69616
[INFO] [launch]: Default logging verbosity is set to INFO
urdf_file_name : turtlebot3_waffle.urdf
urdf_file_name : turtlebot3_waffle.urdf
urdf_file_name : turtlebot3_waffle.urdf
[INFO] [gzserver-1]: process started with pid [69687]
[INFO] [gzclient-2]: process started with pid [69689]
[INFO] [robot_state_publisher-3]: process started with pid [69691]
[INFO] [spawn_entity.py-4]: process started with pid [69693]
[robot_state_publisher-3] [INFO] [1777080959.688790753] [robot_state_publisher]: got segment base_footprint
[robot_state_publisher-3] [INFO] [1777080959.688884701] [robot_state_publisher]: got segment base_link
[robot_state_publisher-3] [INFO] [1777080959.688892120] [robot_state_publisher]: got segment base_scan
[robot_state_publisher-3] [INFO] [1777080959.688896542] [robot_state_publisher]: got segment camera_depth_frame
[robot_state_publisher-3] [INFO] [1777080959.688900923] [robot_state_publisher]: got segment camera_depth_optical_frame
[robot_state_publisher-3] [INFO] [1777080959.688905164] [robot_state_publisher]: got segment camera_link
[robot_state_publisher-3] [INFO] [1777080959.688909144] [robot_state_publisher]: got segment camera_rgb_frame
[robot_state_publisher-3] [INFO] [1777080959.688913159] [robot_state_publisher]: got segment camera_rgb_optical_frame
[robot_state_publisher-3] [INFO] [1777080959.688917327] [robot_state_publisher]: got segment caster_back_left_link
[robot_state_publisher-3] [INFO] [1777080959.688921266] [robot_state_publisher]: got segment caster_back_right_link
[robot_state_publisher-3] [INFO] [1777080959.688925129] [robot_state_publisher]: got segment imu_link
[robot_state_publisher-3] [INFO] [1777080959.688929022] [robot_state_publisher]: got segment wheel_left_link
[robot_state_publisher-3] [INFO] [1777080959.688932991] [robot_state_publisher]: got segment wheel_right_link
[spawn_entity.py-4] [INFO] [1777080960.105717716] [spawn_entity]: Spawn Entity started
[spawn_entity.py-4] [INFO] [1777080960.106088488] [spawn_entity]: Loading entity XML from file /opt/ros/humble/share/turtlebot3_gazebo/models/turtlebot3_waffle/model.sdf
[spawn_entity.py-4] [INFO] [1777080960.107970613] [spawn_entity]: Waiting for service /spawn_entity, timeout = 30
[spawn_entity.py-4] [INFO] [1777080960.108258084] [spawn_entity]: Waiting for service /spawn_entity
[spawn_entity.py-4] [INFO] [1777080961.122056677] [spawn_entity]: Calling service /spawn_entity
[gzserver-1] [INFO] [1777080961.409435205] [turtlebot3_imu]: <initial_orientation_as_reference> is unset, using default value of false to comply with REP 145 (world as orientation reference)
[spawn_entity.py-4] [INFO] [1777080961.514163250] [spawn_entity]: Spawn status: SpawnEntity: Successfully spawned entity [waffle]
[INFO] [spawn_entity.py-4]: process has finished cleanly [pid 69693]
[gzserver-1] [INFO] [1777080962.102676873] [camera_driver]: Publishing camera info to [/camera/camera_info]
[gzserver-1] [INFO] [1777080962.145657007] [turtlebot3_diff_drive]: Wheel pair 1 separation set to [0.287000m]
[gzserver-1] [INFO] [1777080962.145711019] [turtlebot3_diff_drive]: Wheel pair 1 diameter set to [0.066000m]
[gzserver-1] [INFO] [1777080962.147226846] [turtlebot3_diff_drive]: Subscribed to [/cmd_vel]
[gzserver-1] [INFO] [1777080962.150481372] [turtlebot3_diff_drive]: Advertise odometry on [/odom]
[gzserver-1] [INFO] [1777080962.153805806] [turtlebot3_diff_drive]: Publishing odom transforms between [odom] and [base_footprint]
[gzserver-1] [INFO] [1777080962.166954829] [turtlebot3_joint_state]: Going to publish joint [wheel_left_joint]
[gzserver-1] [INFO] [1777080962.167005047] [turtlebot3_joint_state]: Going to publish joint [wheel_right_joint]
