[0.641s] Invoking command in '/home/vertin/ros_hhjo/exp_ws/src/hhjo_ros2_gazebo_tutorial': PYTHONPATH=/home/vertin/ros_hhjo/exp_ws/src/hhjo_ros2_gazebo_tutorial/build/hhjo_ros2_gazebo_tutorial/prefix_override:/usr/lib/python3/dist-packages/colcon_core/task/python/colcon_distutils_commands:/home/vertin/ros_hhjo/exp_ws/src/hhjo_ros2_gazebo_tutorial/install/hhjo_ros2_gazebo_tutorial/lib/python3.10/site-packages:${PYTHONPATH} /usr/bin/python3 -W ignore:setup.py install is deprecated -W ignore:easy_install command is deprecated setup.py egg_info --egg-base build/hhjo_ros2_gazebo_tutorial build --build-base /home/vertin/ros_hhjo/exp_ws/src/hhjo_ros2_gazebo_tutorial/build/hhjo_ros2_gazebo_tutorial/build install --record /home/vertin/ros_hhjo/exp_ws/src/hhjo_ros2_gazebo_tutorial/build/hhjo_ros2_gazebo_tutorial/install.log --single-version-externally-managed install_data
[0.898s] running egg_info
[0.920s] writing build/hhjo_ros2_gazebo_tutorial/hhjo_ros2_gazebo_tutorial.egg-info/PKG-INFO
[0.920s] writing dependency_links to build/hhjo_ros2_gazebo_tutorial/hhjo_ros2_gazebo_tutorial.egg-info/dependency_links.txt
[0.921s] writing requirements to build/hhjo_ros2_gazebo_tutorial/hhjo_ros2_gazebo_tutorial.egg-info/requires.txt
[0.921s] writing top-level names to build/hhjo_ros2_gazebo_tutorial/hhjo_ros2_gazebo_tutorial.egg-info/top_level.txt
[0.957s] reading manifest file 'build/hhjo_ros2_gazebo_tutorial/hhjo_ros2_gazebo_tutorial.egg-info/SOURCES.txt'
[0.959s] writing manifest file 'build/hhjo_ros2_gazebo_tutorial/hhjo_ros2_gazebo_tutorial.egg-info/SOURCES.txt'
[0.959s] running build
[0.959s] running build_py
[0.959s] copying hhjo_ros2_gazebo_tutorial/__init__.py -> /home/vertin/ros_hhjo/exp_ws/src/hhjo_ros2_gazebo_tutorial/build/hhjo_ros2_gazebo_tutorial/build/lib/hhjo_ros2_gazebo_tutorial
[0.959s] running install
[0.963s] running install_lib
[0.981s] running install_data
[0.981s] copying resource/hhjo_ros2_gazebo_tutorial -> /home/vertin/ros_hhjo/exp_ws/src/hhjo_ros2_gazebo_tutorial/install/hhjo_ros2_gazebo_tutorial/share/ament_index/resource_index/packages
[0.981s] copying package.xml -> /home/vertin/ros_hhjo/exp_ws/src/hhjo_ros2_gazebo_tutorial/install/hhjo_ros2_gazebo_tutorial/share/hhjo_ros2_gazebo_tutorial
[0.982s] copying launch/gazebo.launch.py -> /home/vertin/ros_hhjo/exp_ws/src/hhjo_ros2_gazebo_tutorial/install/hhjo_ros2_gazebo_tutorial/share/hhjo_ros2_gazebo_tutorial/launch
[0.982s] copying launch/gazebo.launch.py -> /home/vertin/ros_hhjo/exp_ws/src/hhjo_ros2_gazebo_tutorial/install/hhjo_ros2_gazebo_tutorial/share/hhjo_ros2_gazebo_tutorial/launch
[0.982s] running install_egg_info
[1.000s] removing '/home/vertin/ros_hhjo/exp_ws/src/hhjo_ros2_gazebo_tutorial/install/hhjo_ros2_gazebo_tutorial/lib/python3.10/site-packages/hhjo_ros2_gazebo_tutorial-0.0.0-py3.10.egg-info' (and everything under it)
[1.000s] Copying build/hhjo_ros2_gazebo_tutorial/hhjo_ros2_gazebo_tutorial.egg-info to /home/vertin/ros_hhjo/exp_ws/src/hhjo_ros2_gazebo_tutorial/install/hhjo_ros2_gazebo_tutorial/lib/python3.10/site-packages/hhjo_ros2_gazebo_tutorial-0.0.0-py3.10.egg-info
[1.001s] running install_scripts
[1.041s] writing list of installed files to '/home/vertin/ros_hhjo/exp_ws/src/hhjo_ros2_gazebo_tutorial/build/hhjo_ros2_gazebo_tutorial/install.log'
[1.060s] Invoked command in '/home/vertin/ros_hhjo/exp_ws/src/hhjo_ros2_gazebo_tutorial' returned '0': PYTHONPATH=/home/vertin/ros_hhjo/exp_ws/src/hhjo_ros2_gazebo_tutorial/build/hhjo_ros2_gazebo_tutorial/prefix_override:/usr/lib/python3/dist-packages/colcon_core/task/python/colcon_distutils_commands:/home/vertin/ros_hhjo/exp_ws/src/hhjo_ros2_gazebo_tutorial/install/hhjo_ros2_gazebo_tutorial/lib/python3.10/site-packages:${PYTHONPATH} /usr/bin/python3 -W ignore:setup.py install is deprecated -W ignore:easy_install command is deprecated setup.py egg_info --egg-base build/hhjo_ros2_gazebo_tutorial build --build-base /home/vertin/ros_hhjo/exp_ws/src/hhjo_ros2_gazebo_tutorial/build/hhjo_ros2_gazebo_tutorial/build install --record /home/vertin/ros_hhjo/exp_ws/src/hhjo_ros2_gazebo_tutorial/build/hhjo_ros2_gazebo_tutorial/install.log --single-version-externally-managed install_data
