running egg_info
creating build/hhjo_ros2_gazebo_tutorial/hhjo_ros2_gazebo_tutorial.egg-info
writing build/hhjo_ros2_gazebo_tutorial/hhjo_ros2_gazebo_tutorial.egg-info/PKG-INFO
writing dependency_links to build/hhjo_ros2_gazebo_tutorial/hhjo_ros2_gazebo_tutorial.egg-info/dependency_links.txt
writing requirements to build/hhjo_ros2_gazebo_tutorial/hhjo_ros2_gazebo_tutorial.egg-info/requires.txt
writing top-level names to build/hhjo_ros2_gazebo_tutorial/hhjo_ros2_gazebo_tutorial.egg-info/top_level.txt
writing manifest file 'build/hhjo_ros2_gazebo_tutorial/hhjo_ros2_gazebo_tutorial.egg-info/SOURCES.txt'
reading manifest file 'build/hhjo_ros2_gazebo_tutorial/hhjo_ros2_gazebo_tutorial.egg-info/SOURCES.txt'
writing manifest file 'build/hhjo_ros2_gazebo_tutorial/hhjo_ros2_gazebo_tutorial.egg-info/SOURCES.txt'
running build
running build_py
creating /home/vertin/ros_hhjo/exp_ws/src/hhjo_ros2_gazebo_tutorial/build/hhjo_ros2_gazebo_tutorial/build/lib/hhjo_ros2_gazebo_tutorial
copying hhjo_ros2_gazebo_tutorial/__init__.py -> /home/vertin/ros_hhjo/exp_ws/src/hhjo_ros2_gazebo_tutorial/build/hhjo_ros2_gazebo_tutorial/build/lib/hhjo_ros2_gazebo_tutorial
running install
running install_lib
creating /home/vertin/ros_hhjo/exp_ws/src/hhjo_ros2_gazebo_tutorial/install/hhjo_ros2_gazebo_tutorial/lib/python3.10/site-packages/hhjo_ros2_gazebo_tutorial
copying /home/vertin/ros_hhjo/exp_ws/src/hhjo_ros2_gazebo_tutorial/build/hhjo_ros2_gazebo_tutorial/build/lib/hhjo_ros2_gazebo_tutorial/__init__.py -> /home/vertin/ros_hhjo/exp_ws/src/hhjo_ros2_gazebo_tutorial/install/hhjo_ros2_gazebo_tutorial/lib/python3.10/site-packages/hhjo_ros2_gazebo_tutorial
byte-compiling /home/vertin/ros_hhjo/exp_ws/src/hhjo_ros2_gazebo_tutorial/install/hhjo_ros2_gazebo_tutorial/lib/python3.10/site-packages/hhjo_ros2_gazebo_tutorial/__init__.py to __init__.cpython-310.pyc
running install_data
creating /home/vertin/ros_hhjo/exp_ws/src/hhjo_ros2_gazebo_tutorial/install/hhjo_ros2_gazebo_tutorial/share/ament_index/resource_index/packages
copying resource/hhjo_ros2_gazebo_tutorial -> /home/vertin/ros_hhjo/exp_ws/src/hhjo_ros2_gazebo_tutorial/install/hhjo_ros2_gazebo_tutorial/share/ament_index/resource_index/packages
copying package.xml -> /home/vertin/ros_hhjo/exp_ws/src/hhjo_ros2_gazebo_tutorial/install/hhjo_ros2_gazebo_tutorial/share/hhjo_ros2_gazebo_tutorial
running install_egg_info
Copying build/hhjo_ros2_gazebo_tutorial/hhjo_ros2_gazebo_tutorial.egg-info to /home/vertin/ros_hhjo/exp_ws/src/hhjo_ros2_gazebo_tutorial/install/hhjo_ros2_gazebo_tutorial/lib/python3.10/site-packages/hhjo_ros2_gazebo_tutorial-0.0.0-py3.10.egg-info
running install_scripts
writing list of installed files to '/home/vertin/ros_hhjo/exp_ws/src/hhjo_ros2_gazebo_tutorial/build/hhjo_ros2_gazebo_tutorial/install.log'
