[0.677s] Invoking command in '/home/vertin/ros_hhjo/exp_ws/src/hhjo_ros2_gazebo_tutorial': PYTHONPATH=/home/vertin/ros_hhjo/exp_ws/src/hhjo_ros2_gazebo_tutorial/build/hhjo_ros2_gazebo_tutorial/prefix_override:/usr/lib/python3/dist-packages/colcon_core/task/python/colcon_distutils_commands:/home/vertin/ros_hhjo/exp_ws/src/hhjo_ros2_gazebo_tutorial/install/hhjo_ros2_gazebo_tutorial/lib/python3.10/site-packages:${PYTHONPATH} /usr/bin/python3 -W ignore:setup.py install is deprecated -W ignore:easy_install command is deprecated setup.py egg_info --egg-base build/hhjo_ros2_gazebo_tutorial build --build-base /home/vertin/ros_hhjo/exp_ws/src/hhjo_ros2_gazebo_tutorial/build/hhjo_ros2_gazebo_tutorial/build install --record /home/vertin/ros_hhjo/exp_ws/src/hhjo_ros2_gazebo_tutorial/build/hhjo_ros2_gazebo_tutorial/install.log --single-version-externally-managed install_data
[0.976s] running egg_info
[0.996s] creating build/hhjo_ros2_gazebo_tutorial/hhjo_ros2_gazebo_tutorial.egg-info
[0.996s] writing build/hhjo_ros2_gazebo_tutorial/hhjo_ros2_gazebo_tutorial.egg-info/PKG-INFO
[0.996s] writing dependency_links to build/hhjo_ros2_gazebo_tutorial/hhjo_ros2_gazebo_tutorial.egg-info/dependency_links.txt
[0.997s] writing requirements to build/hhjo_ros2_gazebo_tutorial/hhjo_ros2_gazebo_tutorial.egg-info/requires.txt
[0.997s] writing top-level names to build/hhjo_ros2_gazebo_tutorial/hhjo_ros2_gazebo_tutorial.egg-info/top_level.txt
[0.997s] writing manifest file 'build/hhjo_ros2_gazebo_tutorial/hhjo_ros2_gazebo_tutorial.egg-info/SOURCES.txt'
[1.050s] reading manifest file 'build/hhjo_ros2_gazebo_tutorial/hhjo_ros2_gazebo_tutorial.egg-info/SOURCES.txt'
[1.051s] writing manifest file 'build/hhjo_ros2_gazebo_tutorial/hhjo_ros2_gazebo_tutorial.egg-info/SOURCES.txt'
[1.051s] running build
[1.052s] running build_py
[1.052s] creating /home/vertin/ros_hhjo/exp_ws/src/hhjo_ros2_gazebo_tutorial/build/hhjo_ros2_gazebo_tutorial/build/lib/hhjo_ros2_gazebo_tutorial
[1.052s] copying hhjo_ros2_gazebo_tutorial/__init__.py -> /home/vertin/ros_hhjo/exp_ws/src/hhjo_ros2_gazebo_tutorial/build/hhjo_ros2_gazebo_tutorial/build/lib/hhjo_ros2_gazebo_tutorial
[1.052s] running install
[1.057s] running install_lib
[1.079s] creating /home/vertin/ros_hhjo/exp_ws/src/hhjo_ros2_gazebo_tutorial/install/hhjo_ros2_gazebo_tutorial/lib/python3.10/site-packages/hhjo_ros2_gazebo_tutorial
[1.079s] copying /home/vertin/ros_hhjo/exp_ws/src/hhjo_ros2_gazebo_tutorial/build/hhjo_ros2_gazebo_tutorial/build/lib/hhjo_ros2_gazebo_tutorial/__init__.py -> /home/vertin/ros_hhjo/exp_ws/src/hhjo_ros2_gazebo_tutorial/install/hhjo_ros2_gazebo_tutorial/lib/python3.10/site-packages/hhjo_ros2_gazebo_tutorial
[1.079s] byte-compiling /home/vertin/ros_hhjo/exp_ws/src/hhjo_ros2_gazebo_tutorial/install/hhjo_ros2_gazebo_tutorial/lib/python3.10/site-packages/hhjo_ros2_gazebo_tutorial/__init__.py to __init__.cpython-310.pyc
[1.079s] running install_data
[1.080s] creating /home/vertin/ros_hhjo/exp_ws/src/hhjo_ros2_gazebo_tutorial/install/hhjo_ros2_gazebo_tutorial/share/ament_index/resource_index/packages
[1.080s] copying resource/hhjo_ros2_gazebo_tutorial -> /home/vertin/ros_hhjo/exp_ws/src/hhjo_ros2_gazebo_tutorial/install/hhjo_ros2_gazebo_tutorial/share/ament_index/resource_index/packages
[1.080s] copying package.xml -> /home/vertin/ros_hhjo/exp_ws/src/hhjo_ros2_gazebo_tutorial/install/hhjo_ros2_gazebo_tutorial/share/hhjo_ros2_gazebo_tutorial
[1.080s] running install_egg_info
[1.101s] Copying build/hhjo_ros2_gazebo_tutorial/hhjo_ros2_gazebo_tutorial.egg-info to /home/vertin/ros_hhjo/exp_ws/src/hhjo_ros2_gazebo_tutorial/install/hhjo_ros2_gazebo_tutorial/lib/python3.10/site-packages/hhjo_ros2_gazebo_tutorial-0.0.0-py3.10.egg-info
[1.101s] running install_scripts
[1.155s] writing list of installed files to '/home/vertin/ros_hhjo/exp_ws/src/hhjo_ros2_gazebo_tutorial/build/hhjo_ros2_gazebo_tutorial/install.log'
[1.186s] Invoked command in '/home/vertin/ros_hhjo/exp_ws/src/hhjo_ros2_gazebo_tutorial' returned '0': PYTHONPATH=/home/vertin/ros_hhjo/exp_ws/src/hhjo_ros2_gazebo_tutorial/build/hhjo_ros2_gazebo_tutorial/prefix_override:/usr/lib/python3/dist-packages/colcon_core/task/python/colcon_distutils_commands:/home/vertin/ros_hhjo/exp_ws/src/hhjo_ros2_gazebo_tutorial/install/hhjo_ros2_gazebo_tutorial/lib/python3.10/site-packages:${PYTHONPATH} /usr/bin/python3 -W ignore:setup.py install is deprecated -W ignore:easy_install command is deprecated setup.py egg_info --egg-base build/hhjo_ros2_gazebo_tutorial build --build-base /home/vertin/ros_hhjo/exp_ws/src/hhjo_ros2_gazebo_tutorial/build/hhjo_ros2_gazebo_tutorial/build install --record /home/vertin/ros_hhjo/exp_ws/src/hhjo_ros2_gazebo_tutorial/build/hhjo_ros2_gazebo_tutorial/install.log --single-version-externally-managed install_data
